<?xml version="1.0" encoding="UTF-8" ?>
<rss
  version="2.0"
  xmlns:content="http://purl.org/rss/1.0/modules/content/"
><channel><title>Frank&apos;s Movie Log</title><description
    >Reviews of current, cult, classic, and forgotten films.</description><link
    >https://www.franksmovielog.com/</link><image><url
      >https://www.franksmovielog.com/assets/favicon-128.png</url><title
      >Frank&apos;s Movie Log</title><link
      >https://www.franksmovielog.com/</link></image><item><title
      >The Midnight Meat Train (2008)</title><link
      >https://www.franksmovielog.com/reviews/the-midnight-meat-train-2008/</link><guid
        isPermaLink="true"
      >https://www.franksmovielog.com/reviews/the-midnight-meat-train-2008/</guid><pubDate
      >Sat, 27 Apr 2024 00:00:00 GMT</pubDate><content:encoded
      >&lt;img src=&quot;/_image/?href=%2Fcontent%2Fassets%2Fstills%2Fthe-midnight-meat-train-2008.png%3ForigWidth%3D2000%26origHeight%3D1125%26origFormat%3Dpng&amp;w=1200&amp;h=675&amp;q=80&amp;f=jpeg&quot; alt=&quot;&quot;&gt;&lt;p&gt;&amp;#9733;&amp;#9733;&lt;/p&gt;&lt;p&gt;Sometimes, frustrating films are worse than bad ones. Such is the case with &lt;em&gt;The Midnight Meat Train&lt;/em&gt;. &lt;a href=&quot;/reviews/the-midnight-meat-train-2008/&quot;&gt;Read more...&lt;/a&gt;&lt;/p&gt;</content:encoded></item><item
    ><title>Horror Express (1972)</title><link
      >https://www.franksmovielog.com/reviews/horror-express-1972/</link><guid
        isPermaLink="true"
      >https://www.franksmovielog.com/reviews/horror-express-1972/</guid><pubDate
      >Sat, 27 Apr 2024 00:00:00 GMT</pubDate><content:encoded
      >&lt;img src=&quot;/_image/?href=%2Fcontent%2Fassets%2Fstills%2Fhorror-express-1972.png%3ForigWidth%3D2000%26origHeight%3D1125%26origFormat%3Dpng&amp;w=1200&amp;h=675&amp;q=80&amp;f=jpeg&quot; alt=&quot;&quot;&gt;&lt;p&gt;&amp;#9733;&amp;#9733;&lt;/p&gt;&lt;p&gt;&lt;em&gt;Horror Express&lt;/em&gt; may be flawed, but the production, performances, and novelty of genre icons Peter Cushing and Christopher Lee working as allies make it hard to resist. &lt;a href=&quot;/reviews/horror-express-1972/&quot;&gt;Read more...&lt;/a&gt;&lt;/p&gt;</content:encoded></item><item
    ><title>Night Train to Terror (1985)</title><link
      >https://www.franksmovielog.com/reviews/night-train-to-terror-1985/</link><guid
        isPermaLink="true"
      >https://www.franksmovielog.com/reviews/night-train-to-terror-1985/</guid><pubDate
      >Sat, 27 Apr 2024 00:00:00 GMT</pubDate><content:encoded
      >&lt;img src=&quot;/_image/?href=%2Fcontent%2Fassets%2Fstills%2Fnight-train-to-terror-1985.png%3ForigWidth%3D2000%26origHeight%3D1125%26origFormat%3Dpng&amp;w=1200&amp;h=675&amp;q=80&amp;f=jpeg&quot; alt=&quot;&quot;&gt;&lt;p&gt;&amp;#9733;&amp;#9733;&amp;#9733;&lt;/p&gt;&lt;p&gt;For an anthology comprising three unrelated low-budget horror features cut to half or a third of their running time and book-ended by God and Satan riding a train to Las Vegas with an 80s teen pop-rock band, &lt;em&gt;Night Train to Terror&lt;/em&gt; is better than you’d expect. &lt;a href=&quot;/reviews/night-train-to-terror-1985/&quot;&gt;Read more...&lt;/a&gt;&lt;/p&gt;</content:encoded></item><item
    ><title>Human Lanterns (1982)</title><link
      >https://www.franksmovielog.com/reviews/human-lanterns-1982/</link><guid
        isPermaLink="true"
      >https://www.franksmovielog.com/reviews/human-lanterns-1982/</guid><pubDate
      >Wed, 24 Apr 2024 00:00:00 GMT</pubDate><content:encoded
      >&lt;img src=&quot;/_image/?href=%2Fcontent%2Fassets%2Fstills%2Fhuman-lanterns-1982.png%3ForigWidth%3D2000%26origHeight%3D1125%26origFormat%3Dpng&amp;w=1200&amp;h=675&amp;q=80&amp;f=jpeg&quot; alt=&quot;&quot;&gt;&lt;p&gt;&amp;#9733;&amp;#9733;&amp;#9733;&lt;/p&gt;&lt;p&gt;&lt;em&gt;Human Lanterns&lt;/em&gt; may not be a great martial arts movie or a great horror movie, but it proves an intriguing bridge for Shaw Brothers productions. A transitional piece between the straightforward kung-fu actioners like &lt;span data-imdb-id=&quot;tt0077559&quot;&gt;&lt;em&gt;The Five Deadly Venoms&lt;/em&gt;&lt;/span&gt; that launched the studio to worldwide recognition, and the more overt horrors like &lt;span data-imdb-id=&quot;tt0085951&quot;&gt;&lt;em&gt;The Boxer’s Omen&lt;/em&gt;&lt;/span&gt; that saw the studio trying to adjust to changing audience tastes. &lt;a href=&quot;/reviews/human-lanterns-1982/&quot;&gt;Read more...&lt;/a&gt;&lt;/p&gt;</content:encoded></item><item
    ><title>Frankenhooker (1990)</title><link
      >https://www.franksmovielog.com/reviews/frankenhooker-1990/</link><guid
        isPermaLink="true"
      >https://www.franksmovielog.com/reviews/frankenhooker-1990/</guid><pubDate
      >Thu, 29 Feb 2024 00:00:00 GMT</pubDate><content:encoded
      >&lt;img src=&quot;/_image/?href=%2Fcontent%2Fassets%2Fstills%2Ffrankenhooker-1990.png%3ForigWidth%3D2000%26origHeight%3D1125%26origFormat%3Dpng&amp;w=1200&amp;h=675&amp;q=80&amp;f=jpeg&quot; alt=&quot;&quot;&gt;&lt;p&gt;&amp;#9733;&amp;#9733;&amp;#9733;&amp;#189;&lt;/p&gt;&lt;p&gt;Don’t let the title fool you. Director and co-writer Frank Henenlotter’s story of a man’s misguided attempt to reanimate his deceased fiancée by attaching her severed head to a sex worker’s body sports a surprising streak of feminist and trans-positive satire beneath its gory black comedy. &lt;strong&gt;Spoilers follow&lt;/strong&gt;. &lt;a href=&quot;/reviews/frankenhooker-1990/&quot;&gt;Read more...&lt;/a&gt;&lt;/p&gt;</content:encoded></item><item
    ><title>The Entity (1982)</title><link
      >https://www.franksmovielog.com/reviews/the-entity-1982/</link><guid
        isPermaLink="true"
      >https://www.franksmovielog.com/reviews/the-entity-1982/</guid><pubDate
      >Sun, 18 Feb 2024 00:00:00 GMT</pubDate><content:encoded
      >&lt;img src=&quot;/_image/?href=%2Fcontent%2Fassets%2Fstills%2Fthe-entity-1982.png%3ForigWidth%3D2000%26origHeight%3D1125%26origFormat%3Dpng&amp;w=1200&amp;h=675&amp;q=80&amp;f=jpeg&quot; alt=&quot;&quot;&gt;&lt;p&gt;&amp;#9733;&amp;#9733;&lt;/p&gt;&lt;p&gt;Barbara Hershey plays a single mother who finds herself under repeated, violent sexual assault from an unseen force. Everywhere she turns for help, she finds men eager to dismiss, manipulate, or abandon her. &lt;a href=&quot;/reviews/the-entity-1982/&quot;&gt;Read more...&lt;/a&gt;&lt;/p&gt;</content:encoded></item><item
    ><title>Friday the 13th: The New Blood (1988)</title><link
      >https://www.franksmovielog.com/reviews/friday-the-13th-the-new-blood-1988/</link><guid
        isPermaLink="true"
      >https://www.franksmovielog.com/reviews/friday-the-13th-the-new-blood-1988/</guid><pubDate
      >Fri, 13 Oct 2023 00:00:00 GMT</pubDate><content:encoded
      >&lt;img src=&quot;/_image/?href=%2Fcontent%2Fassets%2Fstills%2Ffriday-the-13th-the-new-blood-1988.png%3ForigWidth%3D2000%26origHeight%3D1125%26origFormat%3Dpng&amp;w=1200&amp;h=675&amp;q=80&amp;f=jpeg&quot; alt=&quot;&quot;&gt;&lt;p&gt;&amp;#9733;&amp;#9733;&lt;/p&gt;&lt;p&gt;I came with an open mind. I’d heard rumblings this Jason meets &lt;span data-imdb-id=&quot;tt0074285&quot;&gt;&lt;em&gt;Carrie&lt;/em&gt;&lt;/span&gt; slasher was bad, but rumblings can be wrong. &lt;a href=&quot;/reviews/friday-the-13th-the-new-blood-1988/&quot;&gt;Read more...&lt;/a&gt;&lt;/p&gt;</content:encoded></item><item
    ><title>The Night They Raided Minsky&apos;s (1968)</title><link
      >https://www.franksmovielog.com/reviews/the-night-they-raided-minskys-1968/</link><guid
        isPermaLink="true"
      >https://www.franksmovielog.com/reviews/the-night-they-raided-minskys-1968/</guid><pubDate
      >Mon, 25 Sep 2023 00:00:00 GMT</pubDate><content:encoded
      >&lt;img src=&quot;/_image/?href=%2Fcontent%2Fassets%2Fstills%2Fthe-night-they-raided-minskys-1968.png%3ForigWidth%3D2000%26origHeight%3D1125%26origFormat%3Dpng&amp;w=1200&amp;h=675&amp;q=80&amp;f=jpeg&quot; alt=&quot;&quot;&gt;&lt;p&gt;&amp;#9733;&amp;#9733;&lt;/p&gt;&lt;p&gt;For his second feature, director William Friedkin tries another musical comedy, this one about the waning days of burlesque. He should have known better, but given the circumstances, I understand. &lt;a href=&quot;/reviews/the-night-they-raided-minskys-1968/&quot;&gt;Read more...&lt;/a&gt;&lt;/p&gt;</content:encoded></item><item
    ><title>Night of the Demons (1988)</title><link
      >https://www.franksmovielog.com/reviews/night-of-the-demons-1988/</link><guid
        isPermaLink="true"
      >https://www.franksmovielog.com/reviews/night-of-the-demons-1988/</guid><pubDate
      >Thu, 21 Sep 2023 00:00:00 GMT</pubDate><content:encoded
      >&lt;img src=&quot;/_image/?href=%2Fcontent%2Fassets%2Fstills%2Fnight-of-the-demons-1988.png%3ForigWidth%3D2000%26origHeight%3D1125%26origFormat%3Dpng&amp;w=1200&amp;h=675&amp;q=80&amp;f=jpeg&quot; alt=&quot;&quot;&gt;&lt;p&gt;&amp;#9733;&amp;#9733;&amp;#189;&lt;/p&gt;&lt;p&gt;High-school teens stage a Halloween party in an abandoned funeral home only to fall prey to demons who murder them and possess their corpses. Remind you of anything? &lt;a href=&quot;/reviews/night-of-the-demons-1988/&quot;&gt;Read more...&lt;/a&gt;&lt;/p&gt;</content:encoded></item><item
    ><title>Aqua Teen Forever: Plantasm (2022)</title><link
      >https://www.franksmovielog.com/reviews/aqua-teen-forever-plantasm-2022/</link><guid
        isPermaLink="true"
      >https://www.franksmovielog.com/reviews/aqua-teen-forever-plantasm-2022/</guid><pubDate
      >Thu, 31 Aug 2023 00:00:00 GMT</pubDate><content:encoded
      >&lt;img src=&quot;/_image/?href=%2Fcontent%2Fassets%2Fstills%2Faqua-teen-forever-plantasm-2022.png%3ForigWidth%3D2000%26origHeight%3D1125%26origFormat%3Dpng&amp;w=1200&amp;h=675&amp;q=80&amp;f=jpeg&quot; alt=&quot;&quot;&gt;&lt;p&gt;&amp;#9733;&amp;#9733;&amp;#9733;&lt;/p&gt;&lt;p&gt;For better and worse, it plays like an extended episode of the series. &lt;a href=&quot;/reviews/aqua-teen-forever-plantasm-2022/&quot;&gt;Read more...&lt;/a&gt;&lt;/p&gt;</content:encoded></item></channel></rss>
