[
  {
    "date": "2024-04-27T00:00:00.000Z",
    "image": "/_image/?href=%2Fcontent%2Fassets%2Fposters%2Fthe-midnight-meat-train-2008.png%3ForigWidth%3D500%26origHeight%3D750%26origFormat%3Dpng&w=500&h=750&q=100&f=png",
    "slug": "the-midnight-meat-train-2008",
    "stars": 2,
    "title": "The Midnight Meat Train",
    "year": "2008"
  },
  {
    "date": "2024-02-18T00:00:00.000Z",
    "image": "/_image/?href=%2Fcontent%2Fassets%2Fposters%2Fthe-entity-1982.png%3ForigWidth%3D500%26origHeight%3D750%26origFormat%3Dpng&w=500&h=750&q=100&f=png",
    "slug": "the-entity-1982",
    "stars": 2,
    "title": "The Entity",
    "year": "1982"
  },
  {
    "date": "2023-08-31T00:00:00.000Z",
    "image": "/_image/?href=%2Fcontent%2Fassets%2Fposters%2Faqua-teen-forever-plantasm-2022.png%3ForigWidth%3D500%26origHeight%3D750%26origFormat%3Dpng&w=500&h=750&q=100&f=png",
    "slug": "aqua-teen-forever-plantasm-2022",
    "stars": 3,
    "title": "Aqua Teen Forever: Plantasm",
    "year": "2022"
  },
  {
    "date": "2023-07-31T00:00:00.000Z",
    "image": "/_image/?href=%2Fcontent%2Fassets%2Fposters%2Fbig-jim-mclain-1952.png%3ForigWidth%3D500%26origHeight%3D750%26origFormat%3Dpng&w=500&h=750&q=100&f=png",
    "slug": "big-jim-mclain-1952",
    "stars": 3,
    "title": "Big Jim McLain",
    "year": "1952"
  },
  {
    "date": "2023-06-23T00:00:00.000Z",
    "image": "/_image/?href=%2Fcontent%2Fassets%2Fposters%2Fthe-heavenly-body-1944.png%3ForigWidth%3D500%26origHeight%3D750%26origFormat%3Dpng&w=500&h=750&q=100&f=png",
    "slug": "the-heavenly-body-1944",
    "stars": 1.5,
    "title": "The Heavenly Body",
    "year": "1944"
  },
  {
    "date": "2022-10-06T00:00:00.000Z",
    "image": "/_image/?href=%2Fcontent%2Fassets%2Fposters%2Fthe-oklahoma-kid-1939.png%3ForigWidth%3D500%26origHeight%3D750%26origFormat%3Dpng&w=500&h=750&q=100&f=png",
    "slug": "the-oklahoma-kid-1939",
    "stars": 2.5,
    "title": "The Oklahoma Kid",
    "year": "1939"
  }
]
