<head><meta charset="UTF-8"><meta name="viewport" content="width=device-width"><link rel="icon" href="/favicon.ico" sizes="48x48"><link rel="icon" href="/favicon.svg" sizes="any" type="image/svg+xml"><link rel="apple-touch-icon" href="/apple-touch-icon.png"><link rel="manifest" href="/site.webmanifest"><link rel="sitemap" href="/sitemap-index.xml"><meta name="description" content="&#38;#9733;&#38;#9733;&#38;#9733;&#38;#9733; Seven years ago, the starship Event Horizon vanished after attempting humanity’s first hyperspace travel. Now it’s reappeared outside of Neptune, emitting a distress beacon. Laurence Fishburne captains the rescue ship dispatched to investigate. Onboard is the Event Horizon’s designer, played by Sam Neill. Upon rendezvousing with the Horizon, the rescuers discover the remains of a violent massacre and evidence the ship may be sentient.
"><meta name="og:image" content="/_image?href=%2F%40fs%2FUsers%2Ffrank%2FDeveloper%2Ffranksmovielog.com%2Fcontent%2Fassets%2Fstills%2Fevent-horizon-1997.png%3ForigWidth%3D2000%26origHeight%3D1125%26origFormat%3Dpng&#38;w=1200&#38;h=675&#38;q=80&#38;f=jpeg"><meta property="og:url" content="https://www.franksmovielog.com//"><meta property="og:type" content="article"><meta property="og:title" content="Event Horizon (1997)"><meta property="og:description" content="&#38;#9733;&#38;#9733;&#38;#9733;&#38;#9733; Seven years ago, the starship Event Horizon vanished after attempting humanity’s first hyperspace travel. Now it’s reappeared outside of Neptune, emitting a distress beacon. Laurence Fishburne captains the rescue ship dispatched to investigate. Onboard is the Event Horizon’s designer, played by Sam Neill. Upon rendezvousing with the Horizon, the rescuers discover the remains of a violent massacre and evidence the ship may be sentient.
"><title>Event Horizon (1997) | Frank&#39;s Movie Log</title></head>