<!doctype html>
<html lang="en">
  <head>
    <meta charset="UTF-8" />
    <meta name="viewport" content="width=device-width" />
    <link rel="icon" href="/favicon.ico" sizes="48x48" />
    <link rel="icon" href="/favicon.svg" sizes="any" type="image/svg+xml" />
    <link rel="apple-touch-icon" href="/apple-touch-icon.png" />
    <link rel="manifest" href="/site.webmanifest" />
    <link rel="sitemap" href="/sitemap-index.xml" />
    <meta
      name="description"
      content="&#38;#9733;&#38;#9733;&#38;#9733;&#38;#9733;&#38;#9733; My favorite movie stars John Wayne as a Texas sheriff struggling to hold a powerful land baron’s no-good brother for murder.  The land baron has an endless army of cutthroat mercenaries. Wayne has a drunken deputy played by Dean Martin, a crippled curmudgeon played by Walter Brennan, a young gunslinger played by Ricky Nelson, and a showgirl played by Angie Dickinson.

The first ten minutes establish the premise with minimal dialogue. From there, the story unfolds at a languid pace. Much of the film sees the cast sitting or standing around indoors, talking or reacting to one another.

And here, dear reader, I falter. I’m not sure why the film works so well. I can point to Wayne and Martin’s charisma, but the film speaks to something deeper. A good chunk revolves around Wayne rehabilitating Martin. Wayne doesn’t coddle him, but it’s not “tough love” either. Wayne believes Martin will pull through. For Martin, Wayne’s faith proves stronger than any addiction.

It’s a wonderful male fantasy, and for two hours and change, I believe it. Every time. Wayne represents the strong, honest, capable, professional man I strive to be. Martin embodies the flawed, vulnerable man I feel I am. Wayne’s faith in Martin is Wayne’s faith in me. Every viewing of Rio Bravo delivers a low-key cathartic experience. It’s not a heavy film—comic relief book-ends the most powerful scenes—but it punches above its weight.

And about the comic relief. Much of it comes via Brennan, but repeat viewings have lent a comedic shade to many of Wayne’s lines. Like Billy Wilder’s best films, Rio Bravo uses comedy as a subtle distraction. When Wayne says, “Sorry don’t get it done Dude,” I smirk at the delivery but the message resonates.
"
    />
    <meta
      name="og:image"
      content="/_image?/content%2Fassets%2Fstills%2Frio-bravo-1959.png%3ForigWidth%3D2000%26origHeight%3D1125%26origFormat%3Dpng&#38;w=1200&#38;h=675&#38;q=80&#38;f=jpeg"
    />
    <meta property="og:url" content="https://www.franksmovielog.com//" />
    <meta property="og:type" content="article" />
    <meta property="og:title" content="Rio Bravo (1959)" />
    <meta
      property="og:description"
      content="&#38;#9733;&#38;#9733;&#38;#9733;&#38;#9733;&#38;#9733; My favorite movie stars John Wayne as a Texas sheriff struggling to hold a powerful land baron’s no-good brother for murder.  The land baron has an endless army of cutthroat mercenaries. Wayne has a drunken deputy played by Dean Martin, a crippled curmudgeon played by Walter Brennan, a young gunslinger played by Ricky Nelson, and a showgirl played by Angie Dickinson.

The first ten minutes establish the premise with minimal dialogue. From there, the story unfolds at a languid pace. Much of the film sees the cast sitting or standing around indoors, talking or reacting to one another.

And here, dear reader, I falter. I’m not sure why the film works so well. I can point to Wayne and Martin’s charisma, but the film speaks to something deeper. A good chunk revolves around Wayne rehabilitating Martin. Wayne doesn’t coddle him, but it’s not “tough love” either. Wayne believes Martin will pull through. For Martin, Wayne’s faith proves stronger than any addiction.

It’s a wonderful male fantasy, and for two hours and change, I believe it. Every time. Wayne represents the strong, honest, capable, professional man I strive to be. Martin embodies the flawed, vulnerable man I feel I am. Wayne’s faith in Martin is Wayne’s faith in me. Every viewing of Rio Bravo delivers a low-key cathartic experience. It’s not a heavy film—comic relief book-ends the most powerful scenes—but it punches above its weight.

And about the comic relief. Much of it comes via Brennan, but repeat viewings have lent a comedic shade to many of Wayne’s lines. Like Billy Wilder’s best films, Rio Bravo uses comedy as a subtle distraction. When Wayne says, “Sorry don’t get it done Dude,” I smirk at the delivery but the message resonates.
"
    />
    <title>Rio Bravo (1959) | Frank&#39;s Movie Log</title>
  </head>
  <body>
    <div>
      <a
        href="#content"
        class="absolute left-1/2 top-0.5 z-50 mx-auto bg-subtle px-6 py-2 text-center text-accent [transform:translate(-50%,calc(-100%_-_2px))] focus:[transform:translate(-50%,0%)]"
        >Skip to content</a
      >
      <div class="flex min-h-full w-full flex-col bg-default">
        <header
          class="z-20 flex w-full items-center justify-between px-container-base py-4 tablet:p-6 desktop:inset-x-0 desktop:z-40 desktop:flex-row desktop:flex-wrap desktop:px-16 desktop:py-8 desktop:text-left"
          style="color: var(--fg-default); position: static"
        >
          <div class="flex flex-col">
            <div
              class="whitespace-nowrap font-normal leading-8"
              style="font-size: 1.5625rem"
            >
              <a href="/">Frank&#x27;s Movie Log</a>
            </div>
            <p class="w-full pl-px text-sm italic leading-4 opacity-85">
              My life at the movies.
            </p>
          </div>
          <div class="flex items-center">
            <nav class="hidden w-full desktop:block desktop:w-auto">
              <ul class="flex flex-wrap justify-start gap-x-6 text-xl">
                <li class="block whitespace-nowrap tracking-0.5px">
                  <a class="text-inherit" href="/">Home</a>
                </li>
                <li class="block whitespace-nowrap tracking-0.5px">
                  <a class="text-inherit" href="/how-i-grade/">How I Grade</a>
                </li>
                <li class="block whitespace-nowrap tracking-0.5px">
                  <a class="text-inherit" href="/reviews/">Reviews</a>
                </li>
                <li class="block whitespace-nowrap tracking-0.5px">
                  <a class="text-inherit" href="/viewings/">Viewing Log</a>
                </li>
                <li class="block whitespace-nowrap tracking-0.5px">
                  <a class="text-inherit" href="/cast-and-crew/"
                    >Cast &amp; Crew</a
                  >
                </li>
                <li class="block whitespace-nowrap tracking-0.5px">
                  <a class="text-inherit" href="/collections/">Collections</a>
                </li>
                <li class="block whitespace-nowrap tracking-0.5px">
                  <a class="text-inherit" href="/watchlist/">Watchlist</a>
                </li>
              </ul>
            </nav>
            <div class="z-[1000]">
              <button
                data-open-modal="true"
                disabled=""
                aria-label="Search"
                aria-keyshortcuts="Control+K"
                class="flex items-center justify-between overflow-hidden text-sm leading-6 ring-default desktop:ml-6"
                type="button"
                title="Search: Control+K"
              >
                <svg
                  xmlns="http://www.w3.org/2000/svg"
                  fill="none"
                  viewBox="0 0 24 24"
                  stroke-width="1.5"
                  stroke="currentColor"
                  class="size-6 desktop:size-7"
                >
                  <path
                    stroke-linecap="round"
                    stroke-linejoin="round"
                    d="m21 21-5.197-5.197m0 0A7.5 7.5 0 1 0 5.196 5.196a7.5 7.5 0 0 0 10.607 10.607Z"
                  ></path>
                </svg>
              </button>
            </div>
            <input type="checkbox" id="mobile-nav" class="hidden" /><label
              for="mobile-nav"
              class="hamburger-icon desktop:hidden"
              ><span
                style="background: var(--fg-default)"
                class="hamburger-icon-bars"
              ></span
            ></label>
            <ul
              class="hamburger-menu flex flex-col items-start gap-y-5 text-left text-inverse desktop:hidden"
            >
              <li class="block w-1/2 whitespace-nowrap text-2xl">
                <a href="/">Home</a>
              </li>
              <li class="block w-1/2 whitespace-nowrap text-2xl">
                <a href="/how-i-grade/">How I Grade</a>
              </li>
              <li class="block w-1/2 whitespace-nowrap text-2xl">
                <a href="/reviews/">Reviews</a>
                <ol class="mt-4">
                  <li
                    class="mb-2 font-sans-narrow text-sm uppercase tracking-[1px] text-subtle"
                  >
                    <a href="/reviews/underseen/">Underseen Gems</a>
                  </li>
                  <li
                    class="mb-2 font-sans-narrow text-sm uppercase tracking-[1px] text-subtle"
                  >
                    <a href="/reviews/overrated/">Overrated Disappointments</a>
                  </li>
                </ol>
              </li>
              <li class="block w-1/2 whitespace-nowrap text-2xl">
                <a href="/viewings/">Viewing Log</a>
                <ol class="mt-4">
                  <li
                    class="mb-2 font-sans-narrow text-sm uppercase tracking-[1px] text-subtle"
                  >
                    <a href="/viewings/stats/">Stats</a>
                  </li>
                </ol>
              </li>
              <li class="block w-1/2 whitespace-nowrap text-2xl">
                <a href="/cast-and-crew/">Cast &amp; Crew</a>
              </li>
              <li class="block w-1/2 whitespace-nowrap text-2xl">
                <a href="/collections/">Collections</a>
              </li>
              <li class="block w-1/2 whitespace-nowrap text-2xl">
                <a href="/watchlist/">Watchlist</a>
                <ol class="mt-4">
                  <li
                    class="mb-2 font-sans-narrow text-sm uppercase tracking-[1px] text-subtle"
                  >
                    <a href="/watchlist/progress/">Progress</a>
                  </li>
                </ol>
              </li>
            </ul>
          </div>
        </header>
        <main class="grow flex flex-col" id="content" data-pagefind-body="true">
          <header
            class="mb-12 flex flex-col items-center px-container-base pt-10"
          >
            <h1 data-pagefind-meta="title" class="text-4xl desktop:text-7xl">
              Rio Bravo
            </h1>
            <div class="mb-4 text-muted"></div>
            <picture
              ><source
                srcset="/svg/5-stars-dark.svg"
                media="(prefers-color-scheme: dark)" />
              <img
                src="/svg/5-stars.svg"
                alt="A+: 5 stars (out of 5)"
                height="24"
                width="120"
                class="mb-6"
            /></picture>
            <div
              class="font-sans-narrow text-xs uppercase tracking-[1.1px] text-subtle mb-12"
            >
              1959<!-- -->
              <span>|</span>
              <!-- -->United States<!-- -->
              <span>|</span>
              <!-- -->141<!-- --> min<!-- -->
              <span><span>|</span> <a href="#credits">More...</a></span>
            </div>
            <img
              srcset="
                /_image?/content%2Fassets%2Fstills%2Frio-bravo-1959.png%3ForigWidth%3D2000%26origHeight%3D1125%26origFormat%3Dpng&amp;w=384&amp;q=80&amp;f=avif             384w,
                /_image?/content%2Fassets%2Fstills%2Frio-bravo-1959.png%3ForigWidth%3D2000%26origHeight%3D1125%26origFormat%3Dpng&amp;w=768&amp;q=80&amp;f=avif             768w,
                /_image?/content%2Fassets%2Fstills%2Frio-bravo-1959.png%3ForigWidth%3D2000%26origHeight%3D1125%26origFormat%3Dpng&amp;w=1536&amp;q=80&amp;f=avif           1536w,
                /_image?/content%2Fassets%2Fstills%2Frio-bravo-1959.png%3ForigWidth%3D2000%26origHeight%3D1125%26origFormat%3Dpng&amp;w=1536&amp;h=864&amp;q=80&amp;f=avif 3072w
              "
              src="/_image?/content%2Fassets%2Fstills%2Frio-bravo-1959.png%3ForigWidth%3D2000%26origHeight%3D1125%26origFormat%3Dpng&amp;w=1536&amp;h=864&amp;q=80&amp;f=avif"
              alt="A still from Rio Bravo (1959)"
              loading="eager"
              decoding="sync"
              width="1536"
              height="864"
              sizes="(min-width: 960px) 960px, 100vw"
              class="aspect-[1.77777778] mx-auto mb-[5.33px]"
            />
          </header>
          <div
            class="flex flex-col items-center gap-16 px-container-base pb-20 desktop:gap-20 desktop:pb-32"
          >
            <div>
              <div
                class="rendered-markdown text-md/7 tracking-0.3px tablet:text-xl/8 max-w-prose first-letter:float-left first-letter:mt-[6px] first-letter:pr-2 first-letter:font-sans-narrow-bold first-letter:text-[56px] first-letter:leading-[.8] first-letter:text-[#252525] tablet:first-letter:pr-3 desktop:first-letter:text-[64px]"
              >
                <p>
                  <strong>My favorite movie</strong> stars John Wayne as a Texas
                  sheriff struggling to hold a powerful land baron’s no-good
                  brother for murder.
                  <!-- end -->
                  The land baron has an endless army of cutthroat mercenaries.
                  Wayne has a drunken deputy played by Dean Martin, a crippled
                  curmudgeon played by Walter Brennan, a young gunslinger played
                  by Ricky Nelson, and a showgirl played by Angie Dickinson.
                </p>
                <p>
                  The first ten minutes establish the premise with minimal
                  dialogue. From there, the story unfolds at a languid pace.
                  Much of the film sees the cast sitting or standing around
                  indoors, talking or reacting to one another.
                </p>
                <p>
                  And here, dear reader, I falter. I’m not sure why the film
                  works so well. I can point to Wayne and Martin’s charisma, but
                  the film speaks to something deeper. A good chunk revolves
                  around Wayne rehabilitating Martin. Wayne doesn’t coddle him,
                  but it’s not “tough love” either. Wayne believes Martin will
                  pull through. For Martin, Wayne’s faith proves stronger than
                  any addiction.
                </p>
                <p>
                  It’s a wonderful male fantasy, and for two hours and change, I
                  believe it. Every time. Wayne represents the strong, honest,
                  capable, professional man I strive to be. Martin embodies the
                  flawed, vulnerable man I feel I am. Wayne’s faith in Martin is
                  Wayne’s faith in me. Every viewing of Rio Bravo delivers a
                  low-key cathartic experience. It’s not a heavy film—comic
                  relief book-ends the most powerful scenes—but it punches above
                  its weight.
                </p>
                <p>
                  And about the comic relief. Much of it comes via Brennan, but
                  repeat viewings have lent a comedic shade to many of Wayne’s
                  lines. Like Billy Wilder’s best films, Rio Bravo uses comedy
                  as a subtle distraction. When Wayne says, “Sorry don’t get it
                  done Dude,” I smirk at the delivery but the message resonates.
                </p>
              </div>
            </div>
            <div class="w-full max-w-popout">
              <h3
                class="py-10 font-sans-bold text-xs uppercase tracking-[0.8px] text-subtle shadow-bottom"
              >
                Viewing History
              </h3>
              <ul>
                <li
                  class="flex flex-col font-sans-book text-xs tracking-[-.1px] even:bg-subtle"
                >
                  <div class="flex items-center gap-x-[1ch] py-4">
                    <div class="size-auto">
                      <svg
                        width="1em"
                        height="1em"
                        viewBox="0 0 16 16"
                        class="fill-subtle mr-[1ch] min-h-4 min-w-4 w-4"
                        xmlns="http://www.w3.org/2000/svg"
                      >
                        <title>Watched on</title>
                        <path
                          fill-rule="evenodd"
                          d="M14 2H2a1 1 0 0 0-1 1v11a1 1 0 0 0 1 1h12a1 1 0 0 0 1-1V3a1 1 0 0 0-1-1zM2 1a2 2 0 0 0-2 2v11a2 2 0 0 0 2 2h12a2 2 0 0 0 2-2V3a2 2 0 0 0-2-2H2z"
                        ></path>
                        <path
                          fill-rule="evenodd"
                          d="M14 2H2a1 1 0 0 0-1 1v1h14V3a1 1 0 0 0-1-1zM2 1a2 2 0 0 0-2 2v2h16V3a2 2 0 0 0-2-2H2z"
                        ></path>
                        <path
                          fill-rule="evenodd"
                          d="M3.5 0a.5.5 0 0 1 .5.5V1a.5.5 0 0 1-1 0V.5a.5.5 0 0 1 .5-.5zm9 0a.5.5 0 0 1 .5.5V1a.5.5 0 0 1-1 0V.5a.5.5 0 0 1 .5-.5z"
                        ></path>
                      </svg>
                    </div>
                    <div class="grow">
                      <span
                        class="inline-block font-sans-narrow text-sm tracking-normal text-subtle"
                        >Sun, Jun 18, 2017</span
                      >
                      <!-- -->
                      <span class="font-light text-subtle"
                        ><span>at</span>
                        <span>Alamo Drafthouse Cinema - One Loudoun</span></span
                      >
                    </div>
                  </div>
                  <div></div>
                </li>
                <li
                  class="flex flex-col font-sans-book text-xs tracking-[-.1px] even:bg-subtle"
                >
                  <div class="flex items-center gap-x-[1ch] py-4">
                    <div class="size-auto">
                      <svg
                        width="1em"
                        height="1em"
                        viewBox="0 0 16 16"
                        class="fill-subtle mr-[1ch] min-h-4 min-w-4 w-4"
                        xmlns="http://www.w3.org/2000/svg"
                      >
                        <title>Watched on</title>
                        <path
                          fill-rule="evenodd"
                          d="M14 2H2a1 1 0 0 0-1 1v11a1 1 0 0 0 1 1h12a1 1 0 0 0 1-1V3a1 1 0 0 0-1-1zM2 1a2 2 0 0 0-2 2v11a2 2 0 0 0 2 2h12a2 2 0 0 0 2-2V3a2 2 0 0 0-2-2H2z"
                        ></path>
                        <path
                          fill-rule="evenodd"
                          d="M14 2H2a1 1 0 0 0-1 1v1h14V3a1 1 0 0 0-1-1zM2 1a2 2 0 0 0-2 2v2h16V3a2 2 0 0 0-2-2H2z"
                        ></path>
                        <path
                          fill-rule="evenodd"
                          d="M3.5 0a.5.5 0 0 1 .5.5V1a.5.5 0 0 1-1 0V.5a.5.5 0 0 1 .5-.5zm9 0a.5.5 0 0 1 .5.5V1a.5.5 0 0 1-1 0V.5a.5.5 0 0 1 .5-.5z"
                        ></path>
                      </svg>
                    </div>
                    <div class="grow">
                      <span
                        class="inline-block font-sans-narrow text-sm tracking-normal text-subtle"
                        >Sat, Dec 9, 2017</span
                      >
                      <span class="text-subtle"
                        ><span>via</span>
                        <span class="font-sans-narrow text-sm text-subtle"
                          >Blu-ray</span
                        ></span
                      >
                      <!-- -->
                    </div>
                  </div>
                  <div></div>
                </li>
                <li
                  class="flex flex-col font-sans-book text-xs tracking-[-.1px] even:bg-subtle"
                >
                  <div class="flex items-center gap-x-[1ch] py-4">
                    <div class="size-auto">
                      <svg
                        width="1em"
                        height="1em"
                        viewBox="0 0 16 16"
                        class="fill-subtle mr-[1ch] min-h-4 min-w-4 w-4"
                        xmlns="http://www.w3.org/2000/svg"
                      >
                        <title>Watched on</title>
                        <path
                          fill-rule="evenodd"
                          d="M14 2H2a1 1 0 0 0-1 1v11a1 1 0 0 0 1 1h12a1 1 0 0 0 1-1V3a1 1 0 0 0-1-1zM2 1a2 2 0 0 0-2 2v11a2 2 0 0 0 2 2h12a2 2 0 0 0 2-2V3a2 2 0 0 0-2-2H2z"
                        ></path>
                        <path
                          fill-rule="evenodd"
                          d="M14 2H2a1 1 0 0 0-1 1v1h14V3a1 1 0 0 0-1-1zM2 1a2 2 0 0 0-2 2v2h16V3a2 2 0 0 0-2-2H2z"
                        ></path>
                        <path
                          fill-rule="evenodd"
                          d="M3.5 0a.5.5 0 0 1 .5.5V1a.5.5 0 0 1-1 0V.5a.5.5 0 0 1 .5-.5zm9 0a.5.5 0 0 1 .5.5V1a.5.5 0 0 1-1 0V.5a.5.5 0 0 1 .5-.5z"
                        ></path>
                      </svg>
                    </div>
                    <div class="grow">
                      <span
                        class="inline-block font-sans-narrow text-sm tracking-normal text-subtle"
                        >Sun, Jun 17, 2018</span
                      >
                      <span class="text-subtle"
                        ><span>via</span>
                        <span class="font-sans-narrow text-sm text-subtle"
                          >Blu-ray</span
                        ></span
                      >
                      <!-- -->
                    </div>
                  </div>
                  <div></div>
                </li>
                <li
                  class="flex flex-col font-sans-book text-xs tracking-[-.1px] even:bg-subtle"
                >
                  <div class="flex items-center gap-x-[1ch] py-4">
                    <div class="size-auto">
                      <svg
                        width="1em"
                        height="1em"
                        viewBox="0 0 16 16"
                        class="fill-subtle mr-[1ch] min-h-4 min-w-4 w-4"
                        xmlns="http://www.w3.org/2000/svg"
                      >
                        <title>Watched on</title>
                        <path
                          fill-rule="evenodd"
                          d="M14 2H2a1 1 0 0 0-1 1v11a1 1 0 0 0 1 1h12a1 1 0 0 0 1-1V3a1 1 0 0 0-1-1zM2 1a2 2 0 0 0-2 2v11a2 2 0 0 0 2 2h12a2 2 0 0 0 2-2V3a2 2 0 0 0-2-2H2z"
                        ></path>
                        <path
                          fill-rule="evenodd"
                          d="M14 2H2a1 1 0 0 0-1 1v1h14V3a1 1 0 0 0-1-1zM2 1a2 2 0 0 0-2 2v2h16V3a2 2 0 0 0-2-2H2z"
                        ></path>
                        <path
                          fill-rule="evenodd"
                          d="M3.5 0a.5.5 0 0 1 .5.5V1a.5.5 0 0 1-1 0V.5a.5.5 0 0 1 .5-.5zm9 0a.5.5 0 0 1 .5.5V1a.5.5 0 0 1-1 0V.5a.5.5 0 0 1 .5-.5z"
                        ></path>
                      </svg>
                    </div>
                    <div class="grow">
                      <span
                        class="inline-block font-sans-narrow text-sm tracking-normal text-subtle"
                        >Fri, Jan 29, 2021</span
                      >
                      <span class="text-subtle"
                        ><span>via</span>
                        <span class="font-sans-narrow text-sm text-subtle"
                          >Blu-ray</span
                        ></span
                      >
                      <span class="text-sm font-light leading-none text-subtle"
                        >(<span class="rendered-markdown text-sm leading-none"
                          ><span>2015 | Warner Bros.</span></span
                        >)</span
                      >
                    </div>
                  </div>
                  <div></div>
                </li>
              </ul>
            </div>
            <aside
              id="credits"
              class="bg-subtle px-container pb-8 pt-8 tablet:pt-12 w-full max-w-popout"
              data-pagefind-meta="image:/_image?/content%2Fassets%2Fposters%2Frio-bravo-1959.png%3ForigWidth%3D500%26origHeight%3D750%26origFormat%3Dpng&amp;w=248&amp;h=372&amp;q=80&amp;f=avif"
            >
              <div
                class="flex flex-wrap justify-center gap-8 tablet:flex-nowrap"
              >
                <div class="shrink-0">
                  <div class="block">
                    <img
                      srcset="
                        /_image?/content%2Fassets%2Fposters%2Frio-bravo-1959.png%3ForigWidth%3D500%26origHeight%3D750%26origFormat%3Dpng&amp;w=62&amp;q=80&amp;f=avif   62w,
                        /_image?/content%2Fassets%2Fposters%2Frio-bravo-1959.png%3ForigWidth%3D500%26origHeight%3D750%26origFormat%3Dpng&amp;w=124&amp;q=80&amp;f=avif 124w,
                        /_image?/content%2Fassets%2Fposters%2Frio-bravo-1959.png%3ForigWidth%3D500%26origHeight%3D750%26origFormat%3Dpng&amp;w=248&amp;q=80&amp;f=avif 248w,
                        /_image?/content%2Fassets%2Fposters%2Frio-bravo-1959.png%3ForigWidth%3D500%26origHeight%3D750%26origFormat%3Dpng&amp;w=496&amp;q=80&amp;f=avif 496w
                      "
                      src="/_image?/content%2Fassets%2Fposters%2Frio-bravo-1959.png%3ForigWidth%3D500%26origHeight%3D750%26origFormat%3Dpng&amp;w=248&amp;h=372&amp;q=80&amp;f=avif"
                      alt="A poster from Rio Bravo (1959)"
                      width="248"
                      height="372"
                      sizes="(min-width: 248px) 248px, 100vw"
                      data-pagefind-meta="image[src], image_alt[alt]"
                      class="aspect-[0.66666667] h-auto"
                      loading="lazy"
                      decoding="async"
                    />
                  </div>
                </div>
                <dl class="flex min-w-0 shrink flex-col items-start gap-y-4">
                  <div>
                    <dt class="font-sans-narrow text-xs uppercase text-subtle">
                      Title
                    </dt>
                    <dd class="text-wrap font-normal text-muted">Rio Bravo</dd>
                  </div>
                  <div>
                    <dt class="font-sans-narrow text-xs uppercase text-subtle">
                      Year
                    </dt>
                    <dd class="text-wrap font-normal text-muted">1959</dd>
                  </div>
                  <div>
                    <dt class="font-sans-narrow text-xs uppercase text-subtle">
                      Financing
                    </dt>
                    <dd class="text-wrap font-normal text-muted">
                      United States
                    </dd>
                  </div>
                  <div>
                    <dt class="font-sans-narrow text-xs uppercase text-subtle">
                      Running Time
                    </dt>
                    <dd class="text-wrap font-normal text-muted">141 min</dd>
                  </div>
                  <div>
                    <dt class="font-sans-narrow text-xs uppercase text-subtle">
                      Directed by
                    </dt>
                    <dd class="text-wrap font-normal text-muted">
                      <div>Howard Hawks</div>
                    </dd>
                  </div>
                  <div>
                    <dt class="font-sans-narrow text-xs uppercase text-subtle">
                      Written by
                    </dt>
                    <dd class="text-wrap font-normal text-muted">
                      <div>Jules Furthman</div>
                      <div>Leigh Brackett</div>
                      <div>B.H. McCampbell</div>
                    </dd>
                  </div>
                  <div>
                    <dt class="font-sans-narrow text-xs uppercase text-subtle">
                      Starring
                    </dt>
                    <dd class="text-wrap font-normal text-muted">
                      John Wayne, Dean Martin, Ricky Nelson, and Angie Dickinson
                    </dd>
                  </div>
                </dl>
              </div>
              <a
                href="#top"
                class="mx-auto mt-8 flex w-full max-w-[430px] cursor-pointer content-center items-center justify-center py-5 font-sans-narrow text-sm uppercase tracking-[.6px] shadow-all hover:bg-inverse hover:text-inverse"
                >Back to Top</a
              >
            </aside>
          </div>
          <div
            data-pagefind-ignore="true"
            class="flex w-full flex-col items-center gap-y-12 bg-subtle pb-32 pt-16 tablet:pt-8 desktop:gap-y-24"
          >
            <nav data-pagefind-ignore="true">
              <div
                class="relative mx-auto w-full max-w-screen-max px-container desktop:px-20"
              >
                <h2
                  class="py-10 font-sans-bold text-xs uppercase tracking-[0.8px] text-subtle"
                >
                  More directed by<!-- -->
                  <a href="/cast-and-crew/howard-hawks" class="text-accent"
                    >Howard Hawks</a
                  >
                </h2>
                <ul
                  class="flex w-full flex-col gap-x-[2.60416667%] gap-y-6 tablet:flex-row tablet:flex-wrap tablet:justify-between desktop:flex-nowrap"
                >
                  <li class="w-full tablet:w-[47%]">
                    <a href="/reviews/scarface-1932/" class="block"
                      ><img
                        srcset="/_image?/content%2Fassets%2Fstills%2Fscarface-1932.png%3ForigWidth%3D2000%26origHeight%3D1125%26origFormat%3Dpng&amp;w=108.75&amp;q=80&amp;f=avif 108.75w, /_image?/content%2Fassets%2Fstills%2Fscarface-1932.png%3ForigWidth%3D2000%26origHeight%3D1125%26origFormat%3Dpng&amp;w=217.5&amp;q=80&amp;f=avif 217.5w, /_image?/content%2Fassets%2Fstills%2Fscarface-1932.png%3ForigWidth%3D2000%26origHeight%3D1125%26origFormat%3Dpng&amp;w=435&amp;q=80&amp;f=avif 435w, /_image?/content%2Fassets%2Fstills%2Fscarface-1932.png%3ForigWidth%3D2000%26origHeight%3D1125%26origFormat%3Dpng&amp;w=870&amp;q=80&amp;f=avif 870w"
                        src="/_image?/content%2Fassets%2Fstills%2Fscarface-1932.png%3ForigWidth%3D2000%26origHeight%3D1125%26origFormat%3Dpng&amp;w=435&amp;h=179&amp;q=80&amp;f=avif"
                        alt="A still from Scarface (1932)"
                        loading="lazy"
                        decoding="async"
                        width="435"
                        height="179"
                        sizes="(min-width: 706px) 312px, (min-width: 1280) 25vw, (min-width: 1472px) 312px, 50vw"
                        class="aspect-[1.77777778] h-auto w-full"
                    /></a>
                    <div
                      class="flex flex-col bg-default px-6 pb-4 pt-6 desktop:pl-[12%] desktop:pr-[14%]"
                    >
                      <a
                        href="/reviews/scarface-1932/"
                        class="mb-4 block font-serif-semibold text-xl text-default"
                        >Scarface<!-- -->
                        <span class="text-sm font-light leading-none text-muted"
                          >1932</span
                        ></a
                      ><picture
                        ><source
                          srcset="/svg/3-half-stars-dark.svg"
                          media="(prefers-color-scheme: dark)" />
                        <img
                          src="/svg/3-half-stars.svg"
                          alt="B-: 3.5 stars (out of 5)"
                          height="18"
                          width="90"
                          class="mb-4"
                      /></picture>
                      <div
                        class="rendered-markdown mb-8 text-base leading-[1.6] tracking-0.3px text-muted"
                      >
                        <p>
                          Paul Muni plays Tony Camonte, a low-level mafia hood
                          who explains, “In this business there’s only one law
                          you gotta follow to keep out of trouble: Do it first,
                          do it yourself, and keep on doing it.” The “it” in
                          question is murder, and Tony does plenty as he shoots
                          his way to the top of Chicago’s underworld.
                          <a
                            class="!no-underline uppercase whitespace-nowrap font-normal font-sans-narrow text-accent text-xs tracking-[1.1px] leading-none hover:!underline"
                            href="/reviews/scarface-1932/"
                            >Continue reading...</a
                          >
                        </p>
                      </div>
                      <div
                        class="font-sans-narrow text-xxs uppercase leading-4 tracking-[0.8px] text-subtle"
                      >
                        <span>Action</span
                        ><span>
                          |
                          <!-- -->Crime</span
                        ><span>
                          |
                          <!-- -->Drama</span
                        ><span>
                          |
                          <!-- -->Film-Noir</span
                        ><span>
                          |
                          <!-- -->Thriller</span
                        >
                      </div>
                    </div>
                  </li>
                  <li class="w-full tablet:w-[47%]">
                    <a href="/reviews/the-crowd-roars-1932/" class="block"
                      ><img
                        srcset="/_image?/content%2Fassets%2Fstills%2Fthe-crowd-roars-1932.png%3ForigWidth%3D2000%26origHeight%3D1125%26origFormat%3Dpng&amp;w=108.75&amp;q=80&amp;f=avif 108.75w, /_image?/content%2Fassets%2Fstills%2Fthe-crowd-roars-1932.png%3ForigWidth%3D2000%26origHeight%3D1125%26origFormat%3Dpng&amp;w=217.5&amp;q=80&amp;f=avif 217.5w, /_image?/content%2Fassets%2Fstills%2Fthe-crowd-roars-1932.png%3ForigWidth%3D2000%26origHeight%3D1125%26origFormat%3Dpng&amp;w=435&amp;q=80&amp;f=avif 435w, /_image?/content%2Fassets%2Fstills%2Fthe-crowd-roars-1932.png%3ForigWidth%3D2000%26origHeight%3D1125%26origFormat%3Dpng&amp;w=870&amp;q=80&amp;f=avif 870w"
                        src="/_image?/content%2Fassets%2Fstills%2Fthe-crowd-roars-1932.png%3ForigWidth%3D2000%26origHeight%3D1125%26origFormat%3Dpng&amp;w=435&amp;h=179&amp;q=80&amp;f=avif"
                        alt="A still from The Crowd Roars (1932)"
                        loading="lazy"
                        decoding="async"
                        width="435"
                        height="179"
                        sizes="(min-width: 706px) 312px, (min-width: 1280) 25vw, (min-width: 1472px) 312px, 50vw"
                        class="aspect-[1.77777778] h-auto w-full"
                    /></a>
                    <div
                      class="flex flex-col bg-default px-6 pb-4 pt-6 desktop:pl-[12%] desktop:pr-[14%]"
                    >
                      <a
                        href="/reviews/the-crowd-roars-1932/"
                        class="mb-4 block font-serif-semibold text-xl text-default"
                        >The Crowd Roars<!-- -->
                        <span class="text-sm font-light leading-none text-muted"
                          >1932</span
                        ></a
                      ><picture
                        ><source
                          srcset="/svg/2-half-stars-dark.svg"
                          media="(prefers-color-scheme: dark)" />
                        <img
                          src="/svg/2-half-stars.svg"
                          alt="C-: 2.5 stars (out of 5)"
                          height="18"
                          width="90"
                          class="mb-4"
                      /></picture>
                      <div
                        class="rendered-markdown mb-8 text-base leading-[1.6] tracking-0.3px text-muted"
                      >
                        <p>
                          James Cagney plays a hotshot race car driver whose ego
                          can’t handle kid brother Eric Linden’s talent. Ann
                          Dvorak plays Cagney’s long-suffering girlfriend. Joan
                          Blondell plays Dvorak
                        </p>
                      </div>
                    </div>
                  </li>
                </ul>
              </div>
            </nav>
          </div>
        </main>
      </div>
    </div>
  </body>
</html>
